{
  "version": "1.5.0",
  "plugins_used": [
    {
      "name": "ArtifactoryDetector"
    },
    {
      "name": "AWSKeyDetector"
    },
    {
      "name": "AzureStorageKeyDetector"
    },
    {
      "name": "Base64HighEntropyString",
      "limit": 4.5
    },
    {
      "name": "BasicAuthDetector"
    },
    {
      "name": "CloudantDetector"
    },
    {
      "name": "DiscordBotTokenDetector"
    },
    {
      "name": "GitHubTokenDetector"
    },
    {
      "name": "GitLabTokenDetector"
    },
    {
      "name": "HexHighEntropyString",
      "limit": 3.0
    },
    {
      "name": "IbmCloudIamDetector"
    },
    {
      "name": "IbmCosHmacDetector"
    },
    {
      "name": "IPPublicDetector"
    },
    {
      "name": "JwtTokenDetector"
    },
    {
      "name": "KeywordDetector",
      "keyword_exclude": ""
    },
    {
      "name": "MailchimpDetector"
    },
    {
      "name": "NpmDetector"
    },
    {
      "name": "OpenAIDetector"
    },
    {
      "name": "PrivateKeyDetector"
    },
    {
      "name": "PypiTokenDetector"
    },
    {
      "name": "SendGridDetector"
    },
    {
      "name": "SlackDetector"
    },
    {
      "name": "SoftlayerDetector"
    },
    {
      "name": "SquareOAuthDetector"
    },
    {
      "name": "StripeDetector"
    },
    {
      "name": "TelegramBotTokenDetector"
    },
    {
      "name": "TwilioKeyDetector"
    }
  ],
  "filters_used": [
    {
      "path": "detect_secrets.filters.allowlist.is_line_allowlisted"
    },
    {
      "path": "detect_secrets.filters.common.is_baseline_file",
      "filename": ".secrets.baseline"
    },
    {
      "path": "detect_secrets.filters.common.is_ignored_due_to_verification_policies",
      "min_level": 2
    },
    {
      "path": "detect_secrets.filters.heuristic.is_indirect_reference"
    },
    {
      "path": "detect_secrets.filters.heuristic.is_likely_id_string"
    },
    {
      "path": "detect_secrets.filters.heuristic.is_lock_file"
    },
    {
      "path": "detect_secrets.filters.heuristic.is_not_alphanumeric_string"
    },
    {
      "path": "detect_secrets.filters.heuristic.is_potential_uuid"
    },
    {
      "path": "detect_secrets.filters.heuristic.is_prefixed_with_dollar_sign"
    },
    {
      "path": "detect_secrets.filters.heuristic.is_sequential_string"
    },
    {
      "path": "detect_secrets.filters.heuristic.is_swagger_file"
    },
    {
      "path": "detect_secrets.filters.heuristic.is_templated_secret"
    }
  ],
  "results": {
    ".claude/hooks/pydantic_ai_1.0.6_docs.txt": [
      {
        "type": "Secret Keyword",
        "filename": ".claude/hooks/pydantic_ai_1.0.6_docs.txt",
        "hashed_secret": "11fa7c37d697f30e6aee828b4426a10f83ab2380",
        "is_verified": false,
        "line_number": 25
      }
    ],
    ".env.example": [
      {
        "type": "Basic Auth Credentials",
        "filename": ".env.example",
        "hashed_secret": "5baa61e4c9b93f3f0682250b6cf8331b7ee68fd8",
        "is_verified": false,
        "line_number": 2
      }
    ],
    "SECURITY.md": [
      {
        "type": "Basic Auth Credentials",
        "filename": "SECURITY.md",
        "hashed_secret": "9d4e1e23bd5b727046a9e3b4b7db57bd8d6ee684",
        "is_verified": false,
        "line_number": 182
      },
      {
        "type": "Basic Auth Credentials",
        "filename": "SECURITY.md",
        "hashed_secret": "3ed9fbbd10ebd33819a3f1ca19555520a58cc16f",
        "is_verified": false,
        "line_number": 187
      },
      {
        "type": "Secret Keyword",
        "filename": "SECURITY.md",
        "hashed_secret": "f31a420d1f5c6aa258e827412c5df574bcc12bc7",
        "is_verified": false,
        "line_number": 195
      }
    ],
    "docker-compose.yml": [
      {
        "type": "Secret Keyword",
        "filename": "docker-compose.yml",
        "hashed_secret": "1f81120ea2333331b7cf82c65e6f97cee104ab31",
        "is_verified": false,
        "line_number": 10
      },
      {
        "type": "Basic Auth Credentials",
        "filename": "docker-compose.yml",
        "hashed_secret": "1f81120ea2333331b7cf82c65e6f97cee104ab31",
        "is_verified": false,
        "line_number": 29
      }
    ],
    "docs/API_KEY_SETUP.md": [
      {
        "type": "Secret Keyword",
        "filename": "docs/API_KEY_SETUP.md",
        "hashed_secret": "ff038b491fe469133a2158e33b8097e331f3f67d",
        "is_verified": false,
        "line_number": 66
      },
      {
        "type": "Secret Keyword",
        "filename": "docs/API_KEY_SETUP.md",
        "hashed_secret": "0b076cacdd3bc99c8f4c5e7b53921913984acf02",
        "is_verified": false,
        "line_number": 67
      }
    ],
    "frontend/public/pdfjs/web/locale/ach/viewer.properties": [
      {
        "type": "Secret Keyword",
        "filename": "frontend/public/pdfjs/web/locale/ach/viewer.properties",
        "hashed_secret": "5b0a9568e8d24a80442390bcf7052afeaff7c28e",
        "is_verified": false,
        "line_number": 188
      },
      {
        "type": "Secret Keyword",
        "filename": "frontend/public/pdfjs/web/locale/ach/viewer.properties",
        "hashed_secret": "df0a949629b9ee52440cef913ef73988c395c4e5",
        "is_verified": false,
        "line_number": 189
      },
      {
        "type": "Secret Keyword",
        "filename": "frontend/public/pdfjs/web/locale/ach/viewer.properties",
        "hashed_secret": "9ce3bd4224c8c1780db56b4125ecf3f24bf748b7",
        "is_verified": false,
        "line_number": 190
      },
      {
        "type": "Secret Keyword",
        "filename": "frontend/public/pdfjs/web/locale/ach/viewer.properties",
        "hashed_secret": "7813331f96df5632674b94e8be986637dd5bb792",
        "is_verified": false,
        "line_number": 191
      }
    ],
    "frontend/public/pdfjs/web/locale/af/viewer.properties": [
      {
        "type": "Secret Keyword",
        "filename": "frontend/public/pdfjs/web/locale/af/viewer.properties",
        "hashed_secret": "d7d81d6792a5dee4dd0a178bfe125df195b2e91a",
        "is_verified": false,
        "line_number": 148
      },
      {
        "type": "Secret Keyword",
        "filename": "frontend/public/pdfjs/web/locale/af/viewer.properties",
        "hashed_secret": "c6bf3139e949513d8c2e25c9478c912d78550f55",
        "is_verified": false,
        "line_number": 149
      },
      {
        "type": "Secret Keyword",
        "filename": "frontend/public/pdfjs/web/locale/af/viewer.properties",
        "hashed_secret": "9ce3bd4224c8c1780db56b4125ecf3f24bf748b7",
        "is_verified": false,
        "line_number": 150
      },
      {
        "type": "Secret Keyword",
        "filename": "frontend/public/pdfjs/web/locale/af/viewer.properties",
        "hashed_secret": "3f63b41a9c2079e963803697556c1d4321343648",
        "is_verified": false,
        "line_number": 151
      }
    ],
    "frontend/public/pdfjs/web/locale/an/viewer.properties": [
      {
        "type": "Secret Keyword",
        "filename": "frontend/public/pdfjs/web/locale/an/viewer.properties",
        "hashed_secret": "6ace9f931d2878bec8741872a896ddf9e788e04b",
        "is_verified": false,
        "line_number": 214
      },
      {
        "type": "Secret Keyword",
        "filename": "frontend/public/pdfjs/web/locale/an/viewer.properties",
        "hashed_secret": "480486fcc737db8bd6eebd60bfe366ee9c6ce5ae",
        "is_verified": false,
        "line_number": 215
      },
      {
        "type": "Secret Keyword",
        "filename": "frontend/public/pdfjs/web/locale/an/viewer.properties",
        "hashed_secret": "2a6a959d28259bd8e6ba03b3c1c367f8912b647d",
        "is_verified": false,
        "line_number": 216
      },
      {
        "type": "Secret Keyword",
        "filename": "frontend/public/pdfjs/web/locale/an/viewer.properties",
        "hashed_secret": "c111e0ab9ddb1dfb79f8a12c741ba6dbdb07992a",
        "is_verified": false,
        "line_number": 217
      }
    ],
    "frontend/public/pdfjs/web/locale/ast/viewer.properties": [
      {
        "type": "Secret Keyword",
        "filename": "frontend/public/pdfjs/web/locale/ast/viewer.properties",
        "hashed_secret": "8f9f7399afa0db8ebe0718b81f9c86de1ac8b013",
        "is_verified": false,
        "line_number": 180
      },
      {
        "type": "Secret Keyword",
        "filename": "frontend/public/pdfjs/web/locale/ast/viewer.properties",
        "hashed_secret": "911fb49fb72aa50976dab27d4ae484a67a0dcbcd",
        "is_verified": false,
        "line_number": 181
      }
    ],
    "frontend/public/pdfjs/web/locale/az/viewer.properties": [
      {
        "type": "Secret Keyword",
        "filename": "frontend/public/pdfjs/web/locale/az/viewer.properties",
        "hashed_secret": "728445ba69b5cd1b60f4fcf1967a7662ba60dc0f",
        "is_verified": false,
        "line_number": 214
      },
      {
        "type": "Secret Keyword",
        "filename": "frontend/public/pdfjs/web/locale/az/viewer.properties",
        "hashed_secret": "186d3427c8aa4214dcff3e51e7abe6c0b604d604",
        "is_verified": false,
        "line_number": 215
      },
      {
        "type": "Secret Keyword",
        "filename": "frontend/public/pdfjs/web/locale/az/viewer.properties",
        "hashed_secret": "2dfaaf8aeed07aed1bdd622389cf7bad113a6d9f",
        "is_verified": false,
        "line_number": 216
      },
      {
        "type": "Secret Keyword",
        "filename": "frontend/public/pdfjs/web/locale/az/viewer.properties",
        "hashed_secret": "e5e70b8ad1e5e1e0c832ac412d2da2b56d0ab5af",
        "is_verified": false,
        "line_number": 217
      }
    ],
    "frontend/public/pdfjs/web/locale/be/viewer.properties": [
      {
        "type": "Secret Keyword",
        "filename": "frontend/public/pdfjs/web/locale/be/viewer.properties",
        "hashed_secret": "16c1e47490a485b5ca340701424b455b6ff929d5",
        "is_verified": false,
        "line_number": 234
      }
    ],
    "frontend/public/pdfjs/web/locale/bg/viewer.properties": [
      {
        "type": "Secret Keyword",
        "filename": "frontend/public/pdfjs/web/locale/bg/viewer.properties",
        "hashed_secret": "03adcecf4702fcad1919b8b5c65742142a88984a",
        "is_verified": false,
        "line_number": 206
      }
    ],
    "frontend/public/pdfjs/web/locale/bo/viewer.properties": [
      {
        "type": "Secret Keyword",
        "filename": "frontend/public/pdfjs/web/locale/bo/viewer.properties",
        "hashed_secret": "4484c849d8faed8e13febba75c9f6ec78079ef25",
        "is_verified": false,
        "line_number": 209
      },
      {
        "type": "Secret Keyword",
        "filename": "frontend/public/pdfjs/web/locale/bo/viewer.properties",
        "hashed_secret": "34c4a7fd9e19d354504dde354dc27ca1f462f6f8",
        "is_verified": false,
        "line_number": 210
      },
      {
        "type": "Secret Keyword",
        "filename": "frontend/public/pdfjs/web/locale/bo/viewer.properties",
        "hashed_secret": "9ce3bd4224c8c1780db56b4125ecf3f24bf748b7",
        "is_verified": false,
        "line_number": 211
      },
      {
        "type": "Secret Keyword",
        "filename": "frontend/public/pdfjs/web/locale/bo/viewer.properties",
        "hashed_secret": "77dfd2135f4db726c47299bb55be26f7f4525a46",
        "is_verified": false,
        "line_number": 212
      }
    ],
    "frontend/public/pdfjs/web/locale/br/viewer.properties": [
      {
        "type": "Secret Keyword",
        "filename": "frontend/public/pdfjs/web/locale/br/viewer.properties",
        "hashed_secret": "af15f3e730d646904441e2a0ebe524251e6b3c3b",
        "is_verified": false,
        "line_number": 216
      },
      {
        "type": "Secret Keyword",
        "filename": "frontend/public/pdfjs/web/locale/br/viewer.properties",
        "hashed_secret": "37054c69972e9686a265027e863311602ead19e1",
        "is_verified": false,
        "line_number": 217
      },
      {
        "type": "Secret Keyword",
        "filename": "frontend/public/pdfjs/web/locale/br/viewer.properties",
        "hashed_secret": "873b20e1c38ed0dfcc2f136c47f93f238637ab9c",
        "is_verified": false,
        "line_number": 218
      },
      {
        "type": "Secret Keyword",
        "filename": "frontend/public/pdfjs/web/locale/br/viewer.properties",
        "hashed_secret": "0279c9a65f91387dffd6cd56a516f0a69d1c0944",
        "is_verified": false,
        "line_number": 219
      }
    ],
    "frontend/public/pdfjs/web/locale/brx/viewer.properties": [
      {
        "type": "Secret Keyword",
        "filename": "frontend/public/pdfjs/web/locale/brx/viewer.properties",
        "hashed_secret": "5fb7c05ca547df049a23e734194a178e9ba4e8d3",
        "is_verified": false,
        "line_number": 176
      },
      {
        "type": "Secret Keyword",
        "filename": "frontend/public/pdfjs/web/locale/brx/viewer.properties",
        "hashed_secret": "9ce3bd4224c8c1780db56b4125ecf3f24bf748b7",
        "is_verified": false,
        "line_number": 178
      }
    ],
    "frontend/public/pdfjs/web/locale/bs/viewer.properties": [
      {
        "type": "Secret Keyword",
        "filename": "frontend/public/pdfjs/web/locale/bs/viewer.properties",
        "hashed_secret": "003080acf409fac7ed456ab925141144d7dcd3b1",
        "is_verified": false,
        "line_number": 165
      },
      {
        "type": "Secret Keyword",
        "filename": "frontend/public/pdfjs/web/locale/bs/viewer.properties",
        "hashed_secret": "6999fb89271953a5c5de7f51599346d141bb7506",
        "is_verified": false,
        "line_number": 166
      },
      {
        "type": "Secret Keyword",
        "filename": "frontend/public/pdfjs/web/locale/bs/viewer.properties",
        "hashed_secret": "9ce3bd4224c8c1780db56b4125ecf3f24bf748b7",
        "is_verified": false,
        "line_number": 167
      },
      {
        "type": "Secret Keyword",
        "filename": "frontend/public/pdfjs/web/locale/bs/viewer.properties",
        "hashed_secret": "ed03ed299bce80acbd9d32395f2f5d75095ae3f9",
        "is_verified": false,
        "line_number": 168
      }
    ],
    "frontend/public/pdfjs/web/locale/ca/viewer.properties": [
      {
        "type": "Secret Keyword",
        "filename": "frontend/public/pdfjs/web/locale/ca/viewer.properties",
        "hashed_secret": "ab2a8d59bfb4cdc8451d964455dd20fdcc660f86",
        "is_verified": false,
        "line_number": 229
      },
      {
        "type": "Secret Keyword",
        "filename": "frontend/public/pdfjs/web/locale/ca/viewer.properties",
        "hashed_secret": "6c9148f0fcf267d9e9bc7bd54b818919291ee059",
        "is_verified": false,
        "line_number": 230
      },
      {
        "type": "Secret Keyword",
        "filename": "frontend/public/pdfjs/web/locale/ca/viewer.properties",
        "hashed_secret": "8b62610f4fb73fe00da3a3966e6d38a675c03195",
        "is_verified": false,
        "line_number": 232
      }
    ],
    "frontend/public/pdfjs/web/locale/cak/viewer.properties": [
      {
        "type": "Secret Keyword",
        "filename": "frontend/public/pdfjs/web/locale/cak/viewer.properties",
        "hashed_secret": "3d1033fc67ca9f6055939b9f04e170fa56a44ef3",
        "is_verified": false,
        "line_number": 226
      },
      {
        "type": "Secret Keyword",
        "filename": "frontend/public/pdfjs/web/locale/cak/viewer.properties",
        "hashed_secret": "468c35349d79094860619a3d8c50f3c7c1b5655c",
        "is_verified": false,
        "line_number": 227
      },
      {
        "type": "Secret Keyword",
        "filename": "frontend/public/pdfjs/web/locale/cak/viewer.properties",
        "hashed_secret": "6b124a93f798ec90cae8ec1e3f02d855f515c872",
        "is_verified": false,
        "line_number": 228
      },
      {
        "type": "Secret Keyword",
        "filename": "frontend/public/pdfjs/web/locale/cak/viewer.properties",
        "hashed_secret": "6ca6f183155ccafbffaeb03518a8ac71147d2654",
        "is_verified": false,
        "line_number": 229
      }
    ],
    "frontend/public/pdfjs/web/locale/ckb/viewer.properties": [
      {
        "type": "Secret Keyword",
        "filename": "frontend/public/pdfjs/web/locale/ckb/viewer.properties",
        "hashed_secret": "985449445694e14838dbb534b7bbbf04db8d9d52",
        "is_verified": false,
        "line_number": 205
      }
    ],
    "frontend/public/pdfjs/web/locale/cs/viewer.properties": [
      {
        "type": "Secret Keyword",
        "filename": "frontend/public/pdfjs/web/locale/cs/viewer.properties",
        "hashed_secret": "5de7a80876022284d28154a787517840cbbb81d6",
        "is_verified": false,
        "line_number": 234
      },
      {
        "type": "Secret Keyword",
        "filename": "frontend/public/pdfjs/web/locale/cs/viewer.properties",
        "hashed_secret": "4b5a928d0e0c8d3b8fda6260b02e7226a59003db",
        "is_verified": false,
        "line_number": 235
      },
      {
        "type": "Secret Keyword",
        "filename": "frontend/public/pdfjs/web/locale/cs/viewer.properties",
        "hashed_secret": "9ce3bd4224c8c1780db56b4125ecf3f24bf748b7",
        "is_verified": false,
        "line_number": 236
      },
      {
        "type": "Secret Keyword",
        "filename": "frontend/public/pdfjs/web/locale/cs/viewer.properties",
        "hashed_secret": "9bd5ed7e6ef7b4bde632acca8a48dbb12ab94760",
        "is_verified": false,
        "line_number": 237
      }
    ],
    "frontend/public/pdfjs/web/locale/cy/viewer.properties": [
      {
        "type": "Secret Keyword",
        "filename": "frontend/public/pdfjs/web/locale/cy/viewer.properties",
        "hashed_secret": "dcae7edc985a57b4682fff936198a64fb7335991",
        "is_verified": false,
        "line_number": 234
      },
      {
        "type": "Secret Keyword",
        "filename": "frontend/public/pdfjs/web/locale/cy/viewer.properties",
        "hashed_secret": "dd28cd5e7c95032957ea8ff941a065cc8a42c8c2",
        "is_verified": false,
        "line_number": 235
      },
      {
        "type": "Secret Keyword",
        "filename": "frontend/public/pdfjs/web/locale/cy/viewer.properties",
        "hashed_secret": "d7cfcc5c0f2e41dd4013e37130b6ff50500e146c",
        "is_verified": false,
        "line_number": 236
      },
      {
        "type": "Secret Keyword",
        "filename": "frontend/public/pdfjs/web/locale/cy/viewer.properties",
        "hashed_secret": "4409f85c1fe39f20940de4e8793c9f34d78d68b4",
        "is_verified": false,
        "line_number": 237
      }
    ],
    "frontend/public/pdfjs/web/locale/da/viewer.properties": [
      {
        "type": "Secret Keyword",
        "filename": "frontend/public/pdfjs/web/locale/da/viewer.properties",
        "hashed_secret": "d570d9f02a8b41e284eed6273de0eff59352d57a",
        "is_verified": false,
        "line_number": 234
      },
      {
        "type": "Secret Keyword",
        "filename": "frontend/public/pdfjs/web/locale/da/viewer.properties",
        "hashed_secret": "8f49c82d5086aeb1cf37fa368ec1bc6c33889b89",
        "is_verified": false,
        "line_number": 235
      },
      {
        "type": "Secret Keyword",
        "filename": "frontend/public/pdfjs/web/locale/da/viewer.properties",
        "hashed_secret": "9ce3bd4224c8c1780db56b4125ecf3f24bf748b7",
        "is_verified": false,
        "line_number": 236
      },
      {
        "type": "Secret Keyword",
        "filename": "frontend/public/pdfjs/web/locale/da/viewer.properties",
        "hashed_secret": "2540ef18c3d96928186ea0b8bc8e72bfac3e3346",
        "is_verified": false,
        "line_number": 237
      }
    ],
    "frontend/public/pdfjs/web/locale/de/viewer.properties": [
      {
        "type": "Secret Keyword",
        "filename": "frontend/public/pdfjs/web/locale/de/viewer.properties",
        "hashed_secret": "9dd646e6c68f514d61ad93737d1c2d9458f931c9",
        "is_verified": false,
        "line_number": 234
      },
      {
        "type": "Secret Keyword",
        "filename": "frontend/public/pdfjs/web/locale/de/viewer.properties",
        "hashed_secret": "e29c16e05bf66b35ff93165a812faab74dd60c57",
        "is_verified": false,
        "line_number": 235
      },
      {
        "type": "Secret Keyword",
        "filename": "frontend/public/pdfjs/web/locale/de/viewer.properties",
        "hashed_secret": "9ce3bd4224c8c1780db56b4125ecf3f24bf748b7",
        "is_verified": false,
        "line_number": 236
      },
      {
        "type": "Secret Keyword",
        "filename": "frontend/public/pdfjs/web/locale/de/viewer.properties",
        "hashed_secret": "07af7cb30fca13091b0c2f0831dc8283e9f24965",
        "is_verified": false,
        "line_number": 237
      }
    ],
    "frontend/public/pdfjs/web/locale/dsb/viewer.properties": [
      {
        "type": "Secret Keyword",
        "filename": "frontend/public/pdfjs/web/locale/dsb/viewer.properties",
        "hashed_secret": "fab7d3fa5304ea6ccec0aab84e78365f5d311f1e",
        "is_verified": false,
        "line_number": 234
      },
      {
        "type": "Secret Keyword",
        "filename": "frontend/public/pdfjs/web/locale/dsb/viewer.properties",
        "hashed_secret": "8bb3919e7afc8fcd1a251d94027c7a295633a4c1",
        "is_verified": false,
        "line_number": 235
      },
      {
        "type": "Secret Keyword",
        "filename": "frontend/public/pdfjs/web/locale/dsb/viewer.properties",
        "hashed_secret": "02be5c1c04a83d2d9c33177444037d215e619dda",
        "is_verified": false,
        "line_number": 236
      },
      {
        "type": "Secret Keyword",
        "filename": "frontend/public/pdfjs/web/locale/dsb/viewer.properties",
        "hashed_secret": "f2d10690b821795d625be8053aac12a7374e82d3",
        "is_verified": false,
        "line_number": 237
      }
    ],
    "frontend/public/pdfjs/web/locale/el/viewer.properties": [
      {
        "type": "Secret Keyword",
        "filename": "frontend/public/pdfjs/web/locale/el/viewer.properties",
        "hashed_secret": "6a3d0c0c0cd764dca8ebc8f98450af01caf53d4e",
        "is_verified": false,
        "line_number": 234
      },
      {
        "type": "Secret Keyword",
        "filename": "frontend/public/pdfjs/web/locale/el/viewer.properties",
        "hashed_secret": "9ce3bd4224c8c1780db56b4125ecf3f24bf748b7",
        "is_verified": false,
        "line_number": 236
      }
    ],
    "frontend/public/pdfjs/web/locale/en-CA/viewer.properties": [
      {
        "type": "Secret Keyword",
        "filename": "frontend/public/pdfjs/web/locale/en-CA/viewer.properties",
        "hashed_secret": "4484c849d8faed8e13febba75c9f6ec78079ef25",
        "is_verified": false,
        "line_number": 234
      },
      {
        "type": "Secret Keyword",
        "filename": "frontend/public/pdfjs/web/locale/en-CA/viewer.properties",
        "hashed_secret": "34c4a7fd9e19d354504dde354dc27ca1f462f6f8",
        "is_verified": false,
        "line_number": 235
      },
      {
        "type": "Secret Keyword",
        "filename": "frontend/public/pdfjs/web/locale/en-CA/viewer.properties",
        "hashed_secret": "9ce3bd4224c8c1780db56b4125ecf3f24bf748b7",
        "is_verified": false,
        "line_number": 236
      },
      {
        "type": "Secret Keyword",
        "filename": "frontend/public/pdfjs/web/locale/en-CA/viewer.properties",
        "hashed_secret": "77dfd2135f4db726c47299bb55be26f7f4525a46",
        "is_verified": false,
        "line_number": 237
      }
    ],
    "frontend/public/pdfjs/web/locale/en-GB/viewer.properties": [
      {
        "type": "Secret Keyword",
        "filename": "frontend/public/pdfjs/web/locale/en-GB/viewer.properties",
        "hashed_secret": "4484c849d8faed8e13febba75c9f6ec78079ef25",
        "is_verified": false,
        "line_number": 234
      },
      {
        "type": "Secret Keyword",
        "filename": "frontend/public/pdfjs/web/locale/en-GB/viewer.properties",
        "hashed_secret": "34c4a7fd9e19d354504dde354dc27ca1f462f6f8",
        "is_verified": false,
        "line_number": 235
      },
      {
        "type": "Secret Keyword",
        "filename": "frontend/public/pdfjs/web/locale/en-GB/viewer.properties",
        "hashed_secret": "9ce3bd4224c8c1780db56b4125ecf3f24bf748b7",
        "is_verified": false,
        "line_number": 236
      },
      {
        "type": "Secret Keyword",
        "filename": "frontend/public/pdfjs/web/locale/en-GB/viewer.properties",
        "hashed_secret": "77dfd2135f4db726c47299bb55be26f7f4525a46",
        "is_verified": false,
        "line_number": 237
      }
    ],
    "frontend/public/pdfjs/web/locale/en-US/viewer.properties": [
      {
        "type": "Secret Keyword",
        "filename": "frontend/public/pdfjs/web/locale/en-US/viewer.properties",
        "hashed_secret": "4484c849d8faed8e13febba75c9f6ec78079ef25",
        "is_verified": false,
        "line_number": 234
      },
      {
        "type": "Secret Keyword",
        "filename": "frontend/public/pdfjs/web/locale/en-US/viewer.properties",
        "hashed_secret": "34c4a7fd9e19d354504dde354dc27ca1f462f6f8",
        "is_verified": false,
        "line_number": 235
      },
      {
        "type": "Secret Keyword",
        "filename": "frontend/public/pdfjs/web/locale/en-US/viewer.properties",
        "hashed_secret": "9ce3bd4224c8c1780db56b4125ecf3f24bf748b7",
        "is_verified": false,
        "line_number": 236
      },
      {
        "type": "Secret Keyword",
        "filename": "frontend/public/pdfjs/web/locale/en-US/viewer.properties",
        "hashed_secret": "77dfd2135f4db726c47299bb55be26f7f4525a46",
        "is_verified": false,
        "line_number": 237
      }
    ],
    "frontend/public/pdfjs/web/locale/eo/viewer.properties": [
      {
        "type": "Secret Keyword",
        "filename": "frontend/public/pdfjs/web/locale/eo/viewer.properties",
        "hashed_secret": "3c16618647b0caf3af231451a40f8d3582c83491",
        "is_verified": false,
        "line_number": 234
      },
      {
        "type": "Secret Keyword",
        "filename": "frontend/public/pdfjs/web/locale/eo/viewer.properties",
        "hashed_secret": "c05cef725ebc5caa3b5f78a6e8f4f58e80715ec0",
        "is_verified": false,
        "line_number": 235
      },
      {
        "type": "Secret Keyword",
        "filename": "frontend/public/pdfjs/web/locale/eo/viewer.properties",
        "hashed_secret": "46ba42ff7532bbe5b99821aa3d11b2280951b022",
        "is_verified": false,
        "line_number": 236
      },
      {
        "type": "Secret Keyword",
        "filename": "frontend/public/pdfjs/web/locale/eo/viewer.properties",
        "hashed_secret": "edf067d4f8fdb59a586649f9c5b5e4b6e081369c",
        "is_verified": false,
        "line_number": 237
      }
    ],
    "frontend/public/pdfjs/web/locale/es-AR/viewer.properties": [
      {
        "type": "Secret Keyword",
        "filename": "frontend/public/pdfjs/web/locale/es-AR/viewer.properties",
        "hashed_secret": "e5c5a23a82d1b7a65473b149d549e014b4e7e7da",
        "is_verified": false,
        "line_number": 234
      },
      {
        "type": "Secret Keyword",
        "filename": "frontend/public/pdfjs/web/locale/es-AR/viewer.properties",
        "hashed_secret": "ac08d9c8fc4738c2ceb5d4f3bed94cdb39dd9d8f",
        "is_verified": false,
        "line_number": 235
      },
      {
        "type": "Secret Keyword",
        "filename": "frontend/public/pdfjs/web/locale/es-AR/viewer.properties",
        "hashed_secret": "8f9f7399afa0db8ebe0718b81f9c86de1ac8b013",
        "is_verified": false,
        "line_number": 236
      },
      {
        "type": "Secret Keyword",
        "filename": "frontend/public/pdfjs/web/locale/es-AR/viewer.properties",
        "hashed_secret": "c111e0ab9ddb1dfb79f8a12c741ba6dbdb07992a",
        "is_verified": false,
        "line_number": 237
      }
    ],
    "frontend/public/pdfjs/web/locale/es-CL/viewer.properties": [
      {
        "type": "Secret Keyword",
        "filename": "frontend/public/pdfjs/web/locale/es-CL/viewer.properties",
        "hashed_secret": "fc04922ed89ee708a57ee5ad5d03f479621ebe45",
        "is_verified": false,
        "line_number": 234
      },
      {
        "type": "Secret Keyword",
        "filename": "frontend/public/pdfjs/web/locale/es-CL/viewer.properties",
        "hashed_secret": "279fa46161227b07e47c471493c4c0b9fe3541d2",
        "is_verified": false,
        "line_number": 235
      },
      {
        "type": "Secret Keyword",
        "filename": "frontend/public/pdfjs/web/locale/es-CL/viewer.properties",
        "hashed_secret": "8f9f7399afa0db8ebe0718b81f9c86de1ac8b013",
        "is_verified": false,
        "line_number": 236
      },
      {
        "type": "Secret Keyword",
        "filename": "frontend/public/pdfjs/web/locale/es-CL/viewer.properties",
        "hashed_secret": "c111e0ab9ddb1dfb79f8a12c741ba6dbdb07992a",
        "is_verified": false,
        "line_number": 237
      }
    ],
    "frontend/public/pdfjs/web/locale/es-ES/viewer.properties": [
      {
        "type": "Secret Keyword",
        "filename": "frontend/public/pdfjs/web/locale/es-ES/viewer.properties",
        "hashed_secret": "76fb5f30c31931905178aa15a75cc6cec0941e8a",
        "is_verified": false,
        "line_number": 234
      },
      {
        "type": "Secret Keyword",
        "filename": "frontend/public/pdfjs/web/locale/es-ES/viewer.properties",
        "hashed_secret": "f51e4452256171b3ff2b90c4f9615347e5cd34a7",
        "is_verified": false,
        "line_number": 235
      },
      {
        "type": "Secret Keyword",
        "filename": "frontend/public/pdfjs/web/locale/es-ES/viewer.properties",
        "hashed_secret": "8f9f7399afa0db8ebe0718b81f9c86de1ac8b013",
        "is_verified": false,
        "line_number": 236
      },
      {
        "type": "Secret Keyword",
        "filename": "frontend/public/pdfjs/web/locale/es-ES/viewer.properties",
        "hashed_secret": "c111e0ab9ddb1dfb79f8a12c741ba6dbdb07992a",
        "is_verified": false,
        "line_number": 237
      }
    ],
    "frontend/public/pdfjs/web/locale/es-MX/viewer.properties": [
      {
        "type": "Secret Keyword",
        "filename": "frontend/public/pdfjs/web/locale/es-MX/viewer.properties",
        "hashed_secret": "bd2da07786f727a1831eca4087bd2b9aa8594b24",
        "is_verified": false,
        "line_number": 230
      },
      {
        "type": "Secret Keyword",
        "filename": "frontend/public/pdfjs/web/locale/es-MX/viewer.properties",
        "hashed_secret": "ecc787b1f4e3e1aca9929bfc7a388199231c6926",
        "is_verified": false,
        "line_number": 231
      },
      {
        "type": "Secret Keyword",
        "filename": "frontend/public/pdfjs/web/locale/es-MX/viewer.properties",
        "hashed_secret": "8f9f7399afa0db8ebe0718b81f9c86de1ac8b013",
        "is_verified": false,
        "line_number": 232
      },
      {
        "type": "Secret Keyword",
        "filename": "frontend/public/pdfjs/web/locale/es-MX/viewer.properties",
        "hashed_secret": "c111e0ab9ddb1dfb79f8a12c741ba6dbdb07992a",
        "is_verified": false,
        "line_number": 233
      }
    ],
    "frontend/public/pdfjs/web/locale/et/viewer.properties": [
      {
        "type": "Secret Keyword",
        "filename": "frontend/public/pdfjs/web/locale/et/viewer.properties",
        "hashed_secret": "0e3d72a315258e9b1ee11ae6a879629f1f88de87",
        "is_verified": false,
        "line_number": 221
      },
      {
        "type": "Secret Keyword",
        "filename": "frontend/public/pdfjs/web/locale/et/viewer.properties",
        "hashed_secret": "493b38aca42363e03451002156ab15b2222095c5",
        "is_verified": false,
        "line_number": 222
      },
      {
        "type": "Secret Keyword",
        "filename": "frontend/public/pdfjs/web/locale/et/viewer.properties",
        "hashed_secret": "2d2362018c3c583819327a7f50422121ebc9deea",
        "is_verified": false,
        "line_number": 223
      },
      {
        "type": "Secret Keyword",
        "filename": "frontend/public/pdfjs/web/locale/et/viewer.properties",
        "hashed_secret": "2f7bbcc1fb774a41db7de19939958345f134241c",
        "is_verified": false,
        "line_number": 224
      }
    ],
    "frontend/public/pdfjs/web/locale/eu/viewer.properties": [
      {
        "type": "Secret Keyword",
        "filename": "frontend/public/pdfjs/web/locale/eu/viewer.properties",
        "hashed_secret": "462257b7aab2d2466f15e1b5be7a92d8b05cfcf9",
        "is_verified": false,
        "line_number": 234
      },
      {
        "type": "Secret Keyword",
        "filename": "frontend/public/pdfjs/web/locale/eu/viewer.properties",
        "hashed_secret": "1819443056522df78f28b9c34a6a3c709d71f267",
        "is_verified": false,
        "line_number": 235
      },
      {
        "type": "Secret Keyword",
        "filename": "frontend/public/pdfjs/web/locale/eu/viewer.properties",
        "hashed_secret": "50fe67f140a61127c6ea692aa98676f727a7a441",
        "is_verified": false,
        "line_number": 236
      },
      {
        "type": "Secret Keyword",
        "filename": "frontend/public/pdfjs/web/locale/eu/viewer.properties",
        "hashed_secret": "75b9ab50668267aa64769e0ef0b0f0b9b7ab6e9e",
        "is_verified": false,
        "line_number": 237
      }
    ],
    "frontend/public/pdfjs/web/locale/fa/viewer.properties": [
      {
        "type": "Secret Keyword",
        "filename": "frontend/public/pdfjs/web/locale/fa/viewer.properties",
        "hashed_secret": "ae21479c8171c916ae68da92a716faf67478233e",
        "is_verified": false,
        "line_number": 199
      }
    ],
    "frontend/public/pdfjs/web/locale/ff/viewer.properties": [
      {
        "type": "Secret Keyword",
        "filename": "frontend/public/pdfjs/web/locale/ff/viewer.properties",
        "hashed_secret": "3ef3b311813eeeb76247cdf1f169c5cae59f6d58",
        "is_verified": false,
        "line_number": 206
      },
      {
        "type": "Secret Keyword",
        "filename": "frontend/public/pdfjs/web/locale/ff/viewer.properties",
        "hashed_secret": "781165f9671488837f7b18ed640d8f9d31ab2d30",
        "is_verified": false,
        "line_number": 207
      },
      {
        "type": "Secret Keyword",
        "filename": "frontend/public/pdfjs/web/locale/ff/viewer.properties",
        "hashed_secret": "9ce3bd4224c8c1780db56b4125ecf3f24bf748b7",
        "is_verified": false,
        "line_number": 208
      },
      {
        "type": "Secret Keyword",
        "filename": "frontend/public/pdfjs/web/locale/ff/viewer.properties",
        "hashed_secret": "a6da3eb225cce299e195fd8b9400fcc11edd9096",
        "is_verified": false,
        "line_number": 209
      }
    ],
    "frontend/public/pdfjs/web/locale/fi/viewer.properties": [
      {
        "type": "Secret Keyword",
        "filename": "frontend/public/pdfjs/web/locale/fi/viewer.properties",
        "hashed_secret": "12d7e9330b6c831630965501be372184ab140009",
        "is_verified": false,
        "line_number": 234
      },
      {
        "type": "Secret Keyword",
        "filename": "frontend/public/pdfjs/web/locale/fi/viewer.properties",
        "hashed_secret": "934307108187e1aae9d9668b04fffe1e9664fc4c",
        "is_verified": false,
        "line_number": 235
      },
      {
        "type": "Secret Keyword",
        "filename": "frontend/public/pdfjs/web/locale/fi/viewer.properties",
        "hashed_secret": "9ce3bd4224c8c1780db56b4125ecf3f24bf748b7",
        "is_verified": false,
        "line_number": 236
      },
      {
        "type": "Secret Keyword",
        "filename": "frontend/public/pdfjs/web/locale/fi/viewer.properties",
        "hashed_secret": "b51b23040a6b8eadc4a8667af4cf2128812fffa6",
        "is_verified": false,
        "line_number": 237
      }
    ],
    "frontend/public/pdfjs/web/locale/fr/viewer.properties": [
      {
        "type": "Secret Keyword",
        "filename": "frontend/public/pdfjs/web/locale/fr/viewer.properties",
        "hashed_secret": "3265e39a9a6d09ee2cae7a2916af10c0e2d3b9d0",
        "is_verified": false,
        "line_number": 234
      },
      {
        "type": "Secret Keyword",
        "filename": "frontend/public/pdfjs/web/locale/fr/viewer.properties",
        "hashed_secret": "4c48a493d7c00c107b364773f8adfbbfe4fc338f",
        "is_verified": false,
        "line_number": 235
      },
      {
        "type": "Secret Keyword",
        "filename": "frontend/public/pdfjs/web/locale/fr/viewer.properties",
        "hashed_secret": "9ce3bd4224c8c1780db56b4125ecf3f24bf748b7",
        "is_verified": false,
        "line_number": 236
      },
      {
        "type": "Secret Keyword",
        "filename": "frontend/public/pdfjs/web/locale/fr/viewer.properties",
        "hashed_secret": "49ba3292420c74828e7892fadc66f3f4ee4c0111",
        "is_verified": false,
        "line_number": 237
      }
    ],
    "frontend/public/pdfjs/web/locale/fur/viewer.properties": [
      {
        "type": "Secret Keyword",
        "filename": "frontend/public/pdfjs/web/locale/fur/viewer.properties",
        "hashed_secret": "c190b9a3c4db1ae0d930b731b74692714f77f5cd",
        "is_verified": false,
        "line_number": 234
      },
      {
        "type": "Secret Keyword",
        "filename": "frontend/public/pdfjs/web/locale/fur/viewer.properties",
        "hashed_secret": "321e522ef9f125fab6ae4ea226b3e41d927b7629",
        "is_verified": false,
        "line_number": 235
      },
      {
        "type": "Secret Keyword",
        "filename": "frontend/public/pdfjs/web/locale/fur/viewer.properties",
        "hashed_secret": "6226f264b514341c46b9f3fa11036fff8efc485c",
        "is_verified": false,
        "line_number": 236
      },
      {
        "type": "Secret Keyword",
        "filename": "frontend/public/pdfjs/web/locale/fur/viewer.properties",
        "hashed_secret": "eb1e52a701e0047fa69bb554cd83c2a909e2b26d",
        "is_verified": false,
        "line_number": 237
      }
    ],
    "frontend/public/pdfjs/web/locale/fy-NL/viewer.properties": [
      {
        "type": "Secret Keyword",
        "filename": "frontend/public/pdfjs/web/locale/fy-NL/viewer.properties",
        "hashed_secret": "d9f54c0d809b1a09c7aec2432d23935fbc9c0d34",
        "is_verified": false,
        "line_number": 234
      },
      {
        "type": "Secret Keyword",
        "filename": "frontend/public/pdfjs/web/locale/fy-NL/viewer.properties",
        "hashed_secret": "709f3b94f4248dc4b70fda995a44a627c583727d",
        "is_verified": false,
        "line_number": 235
      },
      {
        "type": "Secret Keyword",
        "filename": "frontend/public/pdfjs/web/locale/fy-NL/viewer.properties",
        "hashed_secret": "9ce3bd4224c8c1780db56b4125ecf3f24bf748b7",
        "is_verified": false,
        "line_number": 236
      },
      {
        "type": "Secret Keyword",
        "filename": "frontend/public/pdfjs/web/locale/fy-NL/viewer.properties",
        "hashed_secret": "85639c31f528a5962f762ab5b8a65a1d76670878",
        "is_verified": false,
        "line_number": 237
      }
    ],
    "frontend/public/pdfjs/web/locale/ga-IE/viewer.properties": [
      {
        "type": "Secret Keyword",
        "filename": "frontend/public/pdfjs/web/locale/ga-IE/viewer.properties",
        "hashed_secret": "d914c738787324457f0c215a6c43154046bc48c2",
        "is_verified": false,
        "line_number": 173
      },
      {
        "type": "Secret Keyword",
        "filename": "frontend/public/pdfjs/web/locale/ga-IE/viewer.properties",
        "hashed_secret": "3e3910729df37fdff268c59055d249600f20b70d",
        "is_verified": false,
        "line_number": 174
      },
      {
        "type": "Secret Keyword",
        "filename": "frontend/public/pdfjs/web/locale/ga-IE/viewer.properties",
        "hashed_secret": "9ce3bd4224c8c1780db56b4125ecf3f24bf748b7",
        "is_verified": false,
        "line_number": 175
      },
      {
        "type": "Secret Keyword",
        "filename": "frontend/public/pdfjs/web/locale/ga-IE/viewer.properties",
        "hashed_secret": "36f4ef1f302556bd298790c90419baaf8c0e637e",
        "is_verified": false,
        "line_number": 176
      }
    ],
    "frontend/public/pdfjs/web/locale/gd/viewer.properties": [
      {
        "type": "Secret Keyword",
        "filename": "frontend/public/pdfjs/web/locale/gd/viewer.properties",
        "hashed_secret": "e7167c8f1c37c476dbb64834a7ab14d1d6c1061a",
        "is_verified": false,
        "line_number": 230
      },
      {
        "type": "Secret Keyword",
        "filename": "frontend/public/pdfjs/web/locale/gd/viewer.properties",
        "hashed_secret": "a9c8c2149a001a8efb0b39352f56f4e4bf91cb76",
        "is_verified": false,
        "line_number": 231
      },
      {
        "type": "Secret Keyword",
        "filename": "frontend/public/pdfjs/web/locale/gd/viewer.properties",
        "hashed_secret": "0d91696592623cd3af655fc675e3815adae5170f",
        "is_verified": false,
        "line_number": 232
      },
      {
        "type": "Secret Keyword",
        "filename": "frontend/public/pdfjs/web/locale/gd/viewer.properties",
        "hashed_secret": "154aeb1b600d8edc865ddd2cbf13e0aeb71b7f86",
        "is_verified": false,
        "line_number": 233
      }
    ],
    "frontend/public/pdfjs/web/locale/gl/viewer.properties": [
      {
        "type": "Secret Keyword",
        "filename": "frontend/public/pdfjs/web/locale/gl/viewer.properties",
        "hashed_secret": "574609ef4600397a0893cd2911d9f549277363ab",
        "is_verified": false,
        "line_number": 234
      },
      {
        "type": "Secret Keyword",
        "filename": "frontend/public/pdfjs/web/locale/gl/viewer.properties",
        "hashed_secret": "41a960aa4a44d4d28f3990b06ccced5a68657f7e",
        "is_verified": false,
        "line_number": 235
      },
      {
        "type": "Secret Keyword",
        "filename": "frontend/public/pdfjs/web/locale/gl/viewer.properties",
        "hashed_secret": "8f9f7399afa0db8ebe0718b81f9c86de1ac8b013",
        "is_verified": false,
        "line_number": 236
      },
      {
        "type": "Secret Keyword",
        "filename": "frontend/public/pdfjs/web/locale/gl/viewer.properties",
        "hashed_secret": "c111e0ab9ddb1dfb79f8a12c741ba6dbdb07992a",
        "is_verified": false,
        "line_number": 237
      }
    ],
    "frontend/public/pdfjs/web/locale/gn/viewer.properties": [
      {
        "type": "Secret Keyword",
        "filename": "frontend/public/pdfjs/web/locale/gn/viewer.properties",
        "hashed_secret": "9b79aa5bf0e602d9552542d737bd33bdee9c5e53",
        "is_verified": false,
        "line_number": 234
      },
      {
        "type": "Secret Keyword",
        "filename": "frontend/public/pdfjs/web/locale/gn/viewer.properties",
        "hashed_secret": "25b8eb1cfdc8c866b6c35fe7476b5084a0f53561",
        "is_verified": false,
        "line_number": 235
      },
      {
        "type": "Secret Keyword",
        "filename": "frontend/public/pdfjs/web/locale/gn/viewer.properties",
        "hashed_secret": "bdd28a205fc600f2a991ea1ccc090f99d31e0e1c",
        "is_verified": false,
        "line_number": 236
      },
      {
        "type": "Secret Keyword",
        "filename": "frontend/public/pdfjs/web/locale/gn/viewer.properties",
        "hashed_secret": "74168ceae527ae57def4dcd419876a108dfd2cf2",
        "is_verified": false,
        "line_number": 237
      }
    ],
    "frontend/public/pdfjs/web/locale/gu-IN/viewer.properties": [
      {
        "type": "Secret Keyword",
        "filename": "frontend/public/pdfjs/web/locale/gu-IN/viewer.properties",
        "hashed_secret": "50a868d3e0fdceaca7067875bb33a47bc10f7c36",
        "is_verified": false,
        "line_number": 206
      }
    ],
    "frontend/public/pdfjs/web/locale/he/viewer.properties": [
      {
        "type": "Secret Keyword",
        "filename": "frontend/public/pdfjs/web/locale/he/viewer.properties",
        "hashed_secret": "9ce1e599029d0529d5ed2478ac78421c1532bd30",
        "is_verified": false,
        "line_number": 233
      }
    ],
    "frontend/public/pdfjs/web/locale/hi-IN/viewer.properties": [
      {
        "type": "Secret Keyword",
        "filename": "frontend/public/pdfjs/web/locale/hi-IN/viewer.properties",
        "hashed_secret": "6c8ba2202f962fd43fe12b97cf426e499b10b9d4",
        "is_verified": false,
        "line_number": 211
      },
      {
        "type": "Secret Keyword",
        "filename": "frontend/public/pdfjs/web/locale/hi-IN/viewer.properties",
        "hashed_secret": "9ce3bd4224c8c1780db56b4125ecf3f24bf748b7",
        "is_verified": false,
        "line_number": 213
      }
    ],
    "frontend/public/pdfjs/web/locale/hr/viewer.properties": [
      {
        "type": "Secret Keyword",
        "filename": "frontend/public/pdfjs/web/locale/hr/viewer.properties",
        "hashed_secret": "13637094832bd5eec41eae3d91485356e13bf286",
        "is_verified": false,
        "line_number": 220
      },
      {
        "type": "Secret Keyword",
        "filename": "frontend/public/pdfjs/web/locale/hr/viewer.properties",
        "hashed_secret": "c6ab4ad6117bc1832ddf8f3857df6741e25e99b9",
        "is_verified": false,
        "line_number": 221
      },
      {
        "type": "Secret Keyword",
        "filename": "frontend/public/pdfjs/web/locale/hr/viewer.properties",
        "hashed_secret": "b13b80b310c410ee0c3d383121906a62ba9fe7db",
        "is_verified": false,
        "line_number": 222
      },
      {
        "type": "Secret Keyword",
        "filename": "frontend/public/pdfjs/web/locale/hr/viewer.properties",
        "hashed_secret": "6ef50e49bd7911b4b7cc30a7e1546e2632a76482",
        "is_verified": false,
        "line_number": 223
      }
    ],
    "frontend/public/pdfjs/web/locale/hsb/viewer.properties": [
      {
        "type": "Secret Keyword",
        "filename": "frontend/public/pdfjs/web/locale/hsb/viewer.properties",
        "hashed_secret": "d3a201a648615b066f4184f16029f3f3449ddb66",
        "is_verified": false,
        "line_number": 234
      },
      {
        "type": "Secret Keyword",
        "filename": "frontend/public/pdfjs/web/locale/hsb/viewer.properties",
        "hashed_secret": "96dd720543bdc9384f3d223188a4bb93d3f57a9d",
        "is_verified": false,
        "line_number": 235
      },
      {
        "type": "Secret Keyword",
        "filename": "frontend/public/pdfjs/web/locale/hsb/viewer.properties",
        "hashed_secret": "5aac6dab5531fd45a166710be9dbce5921445cef",
        "is_verified": false,
        "line_number": 236
      },
      {
        "type": "Secret Keyword",
        "filename": "frontend/public/pdfjs/web/locale/hsb/viewer.properties",
        "hashed_secret": "ddcdcdbfa96a58843384494d84dd2476005a0539",
        "is_verified": false,
        "line_number": 237
      }
    ],
    "frontend/public/pdfjs/web/locale/hu/viewer.properties": [
      {
        "type": "Secret Keyword",
        "filename": "frontend/public/pdfjs/web/locale/hu/viewer.properties",
        "hashed_secret": "6a69741dc075bf7f56fe7f96ed23c9f51cdb5be5",
        "is_verified": false,
        "line_number": 234
      },
      {
        "type": "Secret Keyword",
        "filename": "frontend/public/pdfjs/web/locale/hu/viewer.properties",
        "hashed_secret": "46078b5221c070e9d980ff74338dc1153303aed6",
        "is_verified": false,
        "line_number": 235
      },
      {
        "type": "Secret Keyword",
        "filename": "frontend/public/pdfjs/web/locale/hu/viewer.properties",
        "hashed_secret": "9ce3bd4224c8c1780db56b4125ecf3f24bf748b7",
        "is_verified": false,
        "line_number": 236
      },
      {
        "type": "Secret Keyword",
        "filename": "frontend/public/pdfjs/web/locale/hu/viewer.properties",
        "hashed_secret": "b3e118bc6b2ac5052fd31f8f98abcc1b1aaa559e",
        "is_verified": false,
        "line_number": 237
      }
    ],
    "frontend/public/pdfjs/web/locale/hy-AM/viewer.properties": [
      {
        "type": "Secret Keyword",
        "filename": "frontend/public/pdfjs/web/locale/hy-AM/viewer.properties",
        "hashed_secret": "6e1b95489f3b8c4bcacdb21bb5294502cfc41165",
        "is_verified": false,
        "line_number": 217
      }
    ],
    "frontend/public/pdfjs/web/locale/hye/viewer.properties": [
      {
        "type": "Secret Keyword",
        "filename": "frontend/public/pdfjs/web/locale/hye/viewer.properties",
        "hashed_secret": "6c879248e04c3725fc7aaadff3c175acc16cba13",
        "is_verified": false,
        "line_number": 221
      }
    ],
    "frontend/public/pdfjs/web/locale/ia/viewer.properties": [
      {
        "type": "Secret Keyword",
        "filename": "frontend/public/pdfjs/web/locale/ia/viewer.properties",
        "hashed_secret": "a36829176ee492f4aa544c5191ec997c5ad5c9ce",
        "is_verified": false,
        "line_number": 234
      },
      {
        "type": "Secret Keyword",
        "filename": "frontend/public/pdfjs/web/locale/ia/viewer.properties",
        "hashed_secret": "80847746711ac39a0b52a6c99bca4ce41c46a173",
        "is_verified": false,
        "line_number": 235
      },
      {
        "type": "Secret Keyword",
        "filename": "frontend/public/pdfjs/web/locale/ia/viewer.properties",
        "hashed_secret": "9ce3bd4224c8c1780db56b4125ecf3f24bf748b7",
        "is_verified": false,
        "line_number": 236
      },
      {
        "type": "Secret Keyword",
        "filename": "frontend/public/pdfjs/web/locale/ia/viewer.properties",
        "hashed_secret": "f03ae6956c7162012e4f6410e381bebfe0dd6068",
        "is_verified": false,
        "line_number": 237
      }
    ],
    "frontend/public/pdfjs/web/locale/id/viewer.properties": [
      {
        "type": "Secret Keyword",
        "filename": "frontend/public/pdfjs/web/locale/id/viewer.properties",
        "hashed_secret": "757d2e370e3071a96e9ddb97e84e2a44e2eee75d",
        "is_verified": false,
        "line_number": 226
      },
      {
        "type": "Secret Keyword",
        "filename": "frontend/public/pdfjs/web/locale/id/viewer.properties",
        "hashed_secret": "c5525092727fedc8e302332015f8fc6cd6eed34d",
        "is_verified": false,
        "line_number": 227
      },
      {
        "type": "Secret Keyword",
        "filename": "frontend/public/pdfjs/web/locale/id/viewer.properties",
        "hashed_secret": "fb0456d5293888623882d331030d16ec651f6cbd",
        "is_verified": false,
        "line_number": 228
      },
      {
        "type": "Secret Keyword",
        "filename": "frontend/public/pdfjs/web/locale/id/viewer.properties",
        "hashed_secret": "1433539c3b8fd59abbbe50f7067038006c2b698b",
        "is_verified": false,
        "line_number": 229
      }
    ],
    "frontend/public/pdfjs/web/locale/is/viewer.properties": [
      {
        "type": "Secret Keyword",
        "filename": "frontend/public/pdfjs/web/locale/is/viewer.properties",
        "hashed_secret": "dcc413893b18e002813f322a97952f305bb4c85b",
        "is_verified": false,
        "line_number": 234
      },
      {
        "type": "Secret Keyword",
        "filename": "frontend/public/pdfjs/web/locale/is/viewer.properties",
        "hashed_secret": "92dd469c0135e982a8d9842f812dc50508267d36",
        "is_verified": false,
        "line_number": 235
      },
      {
        "type": "Secret Keyword",
        "filename": "frontend/public/pdfjs/web/locale/is/viewer.properties",
        "hashed_secret": "a7fb6d91427693215c911457911c04904ffd67f9",
        "is_verified": false,
        "line_number": 236
      },
      {
        "type": "Secret Keyword",
        "filename": "frontend/public/pdfjs/web/locale/is/viewer.properties",
        "hashed_secret": "846daf9181598c123af10a96032381f8280c69dc",
        "is_verified": false,
        "line_number": 237
      }
    ],
    "frontend/public/pdfjs/web/locale/it/viewer.properties": [
      {
        "type": "Secret Keyword",
        "filename": "frontend/public/pdfjs/web/locale/it/viewer.properties",
        "hashed_secret": "1a00abaa63cf0b24aeb024bce48d99be137d26e6",
        "is_verified": false,
        "line_number": 234
      },
      {
        "type": "Secret Keyword",
        "filename": "frontend/public/pdfjs/web/locale/it/viewer.properties",
        "hashed_secret": "bbf1dcadc65204adc7da81bd3d504f6f08e4edd4",
        "is_verified": false,
        "line_number": 235
      },
      {
        "type": "Secret Keyword",
        "filename": "frontend/public/pdfjs/web/locale/it/viewer.properties",
        "hashed_secret": "9ce3bd4224c8c1780db56b4125ecf3f24bf748b7",
        "is_verified": false,
        "line_number": 236
      },
      {
        "type": "Secret Keyword",
        "filename": "frontend/public/pdfjs/web/locale/it/viewer.properties",
        "hashed_secret": "6c3de5381be773dfe5351c63db8c05f6edd068a4",
        "is_verified": false,
        "line_number": 237
      }
    ],
    "frontend/public/pdfjs/web/locale/ja/viewer.properties": [
      {
        "type": "Secret Keyword",
        "filename": "frontend/public/pdfjs/web/locale/ja/viewer.properties",
        "hashed_secret": "0d9ae103a08caa95cc8d3dd2af9c43666efcb8f3",
        "is_verified": false,
        "line_number": 234
      },
      {
        "type": "Secret Keyword",
        "filename": "frontend/public/pdfjs/web/locale/ja/viewer.properties",
        "hashed_secret": "9ce3bd4224c8c1780db56b4125ecf3f24bf748b7",
        "is_verified": false,
        "line_number": 236
      }
    ],
    "frontend/public/pdfjs/web/locale/ka/viewer.properties": [
      {
        "type": "Secret Keyword",
        "filename": "frontend/public/pdfjs/web/locale/ka/viewer.properties",
        "hashed_secret": "62d7f18f90512e6d2fa74415c798631e9796b347",
        "is_verified": false,
        "line_number": 234
      }
    ],
    "frontend/public/pdfjs/web/locale/kab/viewer.properties": [
      {
        "type": "Secret Keyword",
        "filename": "frontend/public/pdfjs/web/locale/kab/viewer.properties",
        "hashed_secret": "29579fba37dbbf345ead1d4051e2009a8f31a98e",
        "is_verified": false,
        "line_number": 234
      },
      {
        "type": "Secret Keyword",
        "filename": "frontend/public/pdfjs/web/locale/kab/viewer.properties",
        "hashed_secret": "2959c655363c0d7847c35ce168848dcaf2a1224e",
        "is_verified": false,
        "line_number": 235
      },
      {
        "type": "Secret Keyword",
        "filename": "frontend/public/pdfjs/web/locale/kab/viewer.properties",
        "hashed_secret": "80b173e5609e87c18faf58cf50ea1f7e0b8121f9",
        "is_verified": false,
        "line_number": 236
      },
      {
        "type": "Secret Keyword",
        "filename": "frontend/public/pdfjs/web/locale/kab/viewer.properties",
        "hashed_secret": "1b8a68fab89b94fbb734f9073332ee241a511210",
        "is_verified": false,
        "line_number": 237
      }
    ],
    "frontend/public/pdfjs/web/locale/kk/viewer.properties": [
      {
        "type": "Secret Keyword",
        "filename": "frontend/public/pdfjs/web/locale/kk/viewer.properties",
        "hashed_secret": "185b9c0499baf37d0d73062919c12d7376364130",
        "is_verified": false,
        "line_number": 234
      }
    ],
    "frontend/public/pdfjs/web/locale/km/viewer.properties": [
      {
        "type": "Secret Keyword",
        "filename": "frontend/public/pdfjs/web/locale/km/viewer.properties",
        "hashed_secret": "4cb628cb24115d8c703422cddec364b72f0388b5",
        "is_verified": false,
        "line_number": 181
      }
    ],
    "frontend/public/pdfjs/web/locale/kn/viewer.properties": [
      {
        "type": "Secret Keyword",
        "filename": "frontend/public/pdfjs/web/locale/kn/viewer.properties",
        "hashed_secret": "db9becac14953d831576e1c7ad64525e92af63c2",
        "is_verified": false,
        "line_number": 158
      },
      {
        "type": "Secret Keyword",
        "filename": "frontend/public/pdfjs/web/locale/kn/viewer.properties",
        "hashed_secret": "9ce3bd4224c8c1780db56b4125ecf3f24bf748b7",
        "is_verified": false,
        "line_number": 160
      }
    ],
    "frontend/public/pdfjs/web/locale/ko/viewer.properties": [
      {
        "type": "Secret Keyword",
        "filename": "frontend/public/pdfjs/web/locale/ko/viewer.properties",
        "hashed_secret": "a60d680fea2833c0a17b9eb04a4f77080c859f71",
        "is_verified": false,
        "line_number": 234
      }
    ],
    "frontend/public/pdfjs/web/locale/lij/viewer.properties": [
      {
        "type": "Secret Keyword",
        "filename": "frontend/public/pdfjs/web/locale/lij/viewer.properties",
        "hashed_secret": "3df8f3c155bf8251c7dd722d8b367fe0aa0a1538",
        "is_verified": false,
        "line_number": 206
      },
      {
        "type": "Secret Keyword",
        "filename": "frontend/public/pdfjs/web/locale/lij/viewer.properties",
        "hashed_secret": "37c78a190be3cab15aeae4c4658fb9a89f9cef7e",
        "is_verified": false,
        "line_number": 207
      },
      {
        "type": "Secret Keyword",
        "filename": "frontend/public/pdfjs/web/locale/lij/viewer.properties",
        "hashed_secret": "6226f264b514341c46b9f3fa11036fff8efc485c",
        "is_verified": false,
        "line_number": 208
      },
      {
        "type": "Secret Keyword",
        "filename": "frontend/public/pdfjs/web/locale/lij/viewer.properties",
        "hashed_secret": "fe22298062073bfab324c61c6dd4ab1778af7e5d",
        "is_verified": false,
        "line_number": 209
      }
    ],
    "frontend/public/pdfjs/web/locale/lo/viewer.properties": [
      {
        "type": "Secret Keyword",
        "filename": "frontend/public/pdfjs/web/locale/lo/viewer.properties",
        "hashed_secret": "386107e79ada00aae4a4fb10894bba1373bd8f1b",
        "is_verified": false,
        "line_number": 230
      }
    ],
    "frontend/public/pdfjs/web/locale/lt/viewer.properties": [
      {
        "type": "Secret Keyword",
        "filename": "frontend/public/pdfjs/web/locale/lt/viewer.properties",
        "hashed_secret": "695f7d3fbde69863544181a82ea2894fd08f36df",
        "is_verified": false,
        "line_number": 221
      },
      {
        "type": "Secret Keyword",
        "filename": "frontend/public/pdfjs/web/locale/lt/viewer.properties",
        "hashed_secret": "2ae289fb37d874f6a088a1e84d1bbb46e202c81f",
        "is_verified": false,
        "line_number": 222
      },
      {
        "type": "Secret Keyword",
        "filename": "frontend/public/pdfjs/web/locale/lt/viewer.properties",
        "hashed_secret": "3c87b6bca491ea9c6833cb5782d7a472574db519",
        "is_verified": false,
        "line_number": 223
      },
      {
        "type": "Secret Keyword",
        "filename": "frontend/public/pdfjs/web/locale/lt/viewer.properties",
        "hashed_secret": "ec85dbb2e49fe030f40023a267065e5a5ea2584f",
        "is_verified": false,
        "line_number": 224
      }
    ],
    "frontend/public/pdfjs/web/locale/ltg/viewer.properties": [
      {
        "type": "Secret Keyword",
        "filename": "frontend/public/pdfjs/web/locale/ltg/viewer.properties",
        "hashed_secret": "d16ff2b776605f675b0ab92f2d24dbf6f8bc11bc",
        "is_verified": false,
        "line_number": 184
      },
      {
        "type": "Secret Keyword",
        "filename": "frontend/public/pdfjs/web/locale/ltg/viewer.properties",
        "hashed_secret": "4a2d6093d6ef356e2c0828c2a3209713757715d1",
        "is_verified": false,
        "line_number": 185
      },
      {
        "type": "Secret Keyword",
        "filename": "frontend/public/pdfjs/web/locale/ltg/viewer.properties",
        "hashed_secret": "dc4916c07212ad812328ef1dd5a54ea69d14e44e",
        "is_verified": false,
        "line_number": 186
      },
      {
        "type": "Secret Keyword",
        "filename": "frontend/public/pdfjs/web/locale/ltg/viewer.properties",
        "hashed_secret": "1ff752220dd925bbbb5cb78d3dd5c71f877bddc1",
        "is_verified": false,
        "line_number": 187
      }
    ],
    "frontend/public/pdfjs/web/locale/lv/viewer.properties": [
      {
        "type": "Secret Keyword",
        "filename": "frontend/public/pdfjs/web/locale/lv/viewer.properties",
        "hashed_secret": "5e86fc565d07322e87521a1b951ee92b1d247433",
        "is_verified": false,
        "line_number": 206
      },
      {
        "type": "Secret Keyword",
        "filename": "frontend/public/pdfjs/web/locale/lv/viewer.properties",
        "hashed_secret": "e4cff02ebfb01aced566522e7ad24cf2e17d3cd9",
        "is_verified": false,
        "line_number": 207
      },
      {
        "type": "Secret Keyword",
        "filename": "frontend/public/pdfjs/web/locale/lv/viewer.properties",
        "hashed_secret": "dc4916c07212ad812328ef1dd5a54ea69d14e44e",
        "is_verified": false,
        "line_number": 208
      },
      {
        "type": "Secret Keyword",
        "filename": "frontend/public/pdfjs/web/locale/lv/viewer.properties",
        "hashed_secret": "c79ce8e6f69a9bec3622348f50fd2d6f30209858",
        "is_verified": false,
        "line_number": 209
      }
    ],
    "frontend/public/pdfjs/web/locale/meh/viewer.properties": [
      {
        "type": "Secret Keyword",
        "filename": "frontend/public/pdfjs/web/locale/meh/viewer.properties",
        "hashed_secret": "f90a154c92b12e7816e3a754afb6ae56c17d4828",
        "is_verified": false,
        "line_number": 105
      }
    ],
    "frontend/public/pdfjs/web/locale/mr/viewer.properties": [
      {
        "type": "Secret Keyword",
        "filename": "frontend/public/pdfjs/web/locale/mr/viewer.properties",
        "hashed_secret": "33d5d94c13570bb40c8454e4157a79704c92e329",
        "is_verified": false,
        "line_number": 202
      }
    ],
    "frontend/public/pdfjs/web/locale/ms/viewer.properties": [
      {
        "type": "Secret Keyword",
        "filename": "frontend/public/pdfjs/web/locale/ms/viewer.properties",
        "hashed_secret": "78d7c3311bd4e47fb0dabb9961db7a26ed3d01e6",
        "is_verified": false,
        "line_number": 206
      },
      {
        "type": "Secret Keyword",
        "filename": "frontend/public/pdfjs/web/locale/ms/viewer.properties",
        "hashed_secret": "e365f183cf25342503992bc7dfa66663a792affa",
        "is_verified": false,
        "line_number": 207
      },
      {
        "type": "Secret Keyword",
        "filename": "frontend/public/pdfjs/web/locale/ms/viewer.properties",
        "hashed_secret": "9ce3bd4224c8c1780db56b4125ecf3f24bf748b7",
        "is_verified": false,
        "line_number": 208
      },
      {
        "type": "Secret Keyword",
        "filename": "frontend/public/pdfjs/web/locale/ms/viewer.properties",
        "hashed_secret": "1433539c3b8fd59abbbe50f7067038006c2b698b",
        "is_verified": false,
        "line_number": 209
      }
    ],
    "frontend/public/pdfjs/web/locale/my/viewer.properties": [
      {
        "type": "Secret Keyword",
        "filename": "frontend/public/pdfjs/web/locale/my/viewer.properties",
        "hashed_secret": "7af270026215e3d3afa03b79c7f13ae9089ef58a",
        "is_verified": false,
        "line_number": 162
      },
      {
        "type": "Secret Keyword",
        "filename": "frontend/public/pdfjs/web/locale/my/viewer.properties",
        "hashed_secret": "9ce3bd4224c8c1780db56b4125ecf3f24bf748b7",
        "is_verified": false,
        "line_number": 164
      }
    ],
    "frontend/public/pdfjs/web/locale/nb-NO/viewer.properties": [
      {
        "type": "Secret Keyword",
        "filename": "frontend/public/pdfjs/web/locale/nb-NO/viewer.properties",
        "hashed_secret": "8d005be117be5c736aa2f8778f6163ee41656557",
        "is_verified": false,
        "line_number": 234
      },
      {
        "type": "Secret Keyword",
        "filename": "frontend/public/pdfjs/web/locale/nb-NO/viewer.properties",
        "hashed_secret": "0c83c534d1e40b85b17ee57173a097b4e9e76d2d",
        "is_verified": false,
        "line_number": 235
      },
      {
        "type": "Secret Keyword",
        "filename": "frontend/public/pdfjs/web/locale/nb-NO/viewer.properties",
        "hashed_secret": "9ce3bd4224c8c1780db56b4125ecf3f24bf748b7",
        "is_verified": false,
        "line_number": 236
      },
      {
        "type": "Secret Keyword",
        "filename": "frontend/public/pdfjs/web/locale/nb-NO/viewer.properties",
        "hashed_secret": "d10c9f71e5042b3d704587318d6b5b6524629e21",
        "is_verified": false,
        "line_number": 237
      }
    ],
    "frontend/public/pdfjs/web/locale/ne-NP/viewer.properties": [
      {
        "type": "Secret Keyword",
        "filename": "frontend/public/pdfjs/web/locale/ne-NP/viewer.properties",
        "hashed_secret": "a877bd34a93eee29fb44ea07994b6314907b06c3",
        "is_verified": false,
        "line_number": 189
      }
    ],
    "frontend/public/pdfjs/web/locale/nl/viewer.properties": [
      {
        "type": "Secret Keyword",
        "filename": "frontend/public/pdfjs/web/locale/nl/viewer.properties",
        "hashed_secret": "a514328f65cfcc2fe89365c4c272b59e34b35e27",
        "is_verified": false,
        "line_number": 234
      },
      {
        "type": "Secret Keyword",
        "filename": "frontend/public/pdfjs/web/locale/nl/viewer.properties",
        "hashed_secret": "eb4fa2da8edad07ab5263d1f1005454dab2d7c04",
        "is_verified": false,
        "line_number": 235
      },
      {
        "type": "Secret Keyword",
        "filename": "frontend/public/pdfjs/web/locale/nl/viewer.properties",
        "hashed_secret": "9ce3bd4224c8c1780db56b4125ecf3f24bf748b7",
        "is_verified": false,
        "line_number": 236
      },
      {
        "type": "Secret Keyword",
        "filename": "frontend/public/pdfjs/web/locale/nl/viewer.properties",
        "hashed_secret": "c2fbda4ee9efc39ce909c1f68fd70bd5c35043e0",
        "is_verified": false,
        "line_number": 237
      }
    ],
    "frontend/public/pdfjs/web/locale/nn-NO/viewer.properties": [
      {
        "type": "Secret Keyword",
        "filename": "frontend/public/pdfjs/web/locale/nn-NO/viewer.properties",
        "hashed_secret": "e91407571da09fd8c82fbb2a8bd802474a2237d4",
        "is_verified": false,
        "line_number": 234
      },
      {
        "type": "Secret Keyword",
        "filename": "frontend/public/pdfjs/web/locale/nn-NO/viewer.properties",
        "hashed_secret": "634d5ea088e67a4fc5c6b9e7d35848292dc4f853",
        "is_verified": false,
        "line_number": 235
      },
      {
        "type": "Secret Keyword",
        "filename": "frontend/public/pdfjs/web/locale/nn-NO/viewer.properties",
        "hashed_secret": "9ce3bd4224c8c1780db56b4125ecf3f24bf748b7",
        "is_verified": false,
        "line_number": 236
      },
      {
        "type": "Secret Keyword",
        "filename": "frontend/public/pdfjs/web/locale/nn-NO/viewer.properties",
        "hashed_secret": "d10c9f71e5042b3d704587318d6b5b6524629e21",
        "is_verified": false,
        "line_number": 237
      }
    ],
    "frontend/public/pdfjs/web/locale/oc/viewer.properties": [
      {
        "type": "Secret Keyword",
        "filename": "frontend/public/pdfjs/web/locale/oc/viewer.properties",
        "hashed_secret": "e163616788370b2f55c31d88e6767e31b8c3a106",
        "is_verified": false,
        "line_number": 234
      },
      {
        "type": "Secret Keyword",
        "filename": "frontend/public/pdfjs/web/locale/oc/viewer.properties",
        "hashed_secret": "fbcc81429c5ce7904205c7356eeeff2c6ef5f466",
        "is_verified": false,
        "line_number": 235
      },
      {
        "type": "Secret Keyword",
        "filename": "frontend/public/pdfjs/web/locale/oc/viewer.properties",
        "hashed_secret": "a16303415d1fadf1dd0acfb430ba332317c32a6d",
        "is_verified": false,
        "line_number": 237
      }
    ],
    "frontend/public/pdfjs/web/locale/pa-IN/viewer.properties": [
      {
        "type": "Secret Keyword",
        "filename": "frontend/public/pdfjs/web/locale/pa-IN/viewer.properties",
        "hashed_secret": "049ba9fa2d558262ef74b55b36783ab6d01cd891",
        "is_verified": false,
        "line_number": 234
      }
    ],
    "frontend/public/pdfjs/web/locale/pl/viewer.properties": [
      {
        "type": "Secret Keyword",
        "filename": "frontend/public/pdfjs/web/locale/pl/viewer.properties",
        "hashed_secret": "1e6691eeabee724ab7170705be471eb4d7fe53ed",
        "is_verified": false,
        "line_number": 234
      },
      {
        "type": "Secret Keyword",
        "filename": "frontend/public/pdfjs/web/locale/pl/viewer.properties",
        "hashed_secret": "2df5a31c2f2746024e445329a205e2f6244b976d",
        "is_verified": false,
        "line_number": 235
      },
      {
        "type": "Secret Keyword",
        "filename": "frontend/public/pdfjs/web/locale/pl/viewer.properties",
        "hashed_secret": "9ce3bd4224c8c1780db56b4125ecf3f24bf748b7",
        "is_verified": false,
        "line_number": 236
      },
      {
        "type": "Secret Keyword",
        "filename": "frontend/public/pdfjs/web/locale/pl/viewer.properties",
        "hashed_secret": "063426464ccecb383ca1fada68c8c30529bcaf8b",
        "is_verified": false,
        "line_number": 237
      }
    ],
    "frontend/public/pdfjs/web/locale/pt-BR/viewer.properties": [
      {
        "type": "Secret Keyword",
        "filename": "frontend/public/pdfjs/web/locale/pt-BR/viewer.properties",
        "hashed_secret": "910b9c7bd0b49b93834c72956a5e7ebe187cad44",
        "is_verified": false,
        "line_number": 234
      },
      {
        "type": "Secret Keyword",
        "filename": "frontend/public/pdfjs/web/locale/pt-BR/viewer.properties",
        "hashed_secret": "d548cbb390ae6248153f7fdcf07a5e23b01dd012",
        "is_verified": false,
        "line_number": 235
      },
      {
        "type": "Secret Keyword",
        "filename": "frontend/public/pdfjs/web/locale/pt-BR/viewer.properties",
        "hashed_secret": "9ce3bd4224c8c1780db56b4125ecf3f24bf748b7",
        "is_verified": false,
        "line_number": 236
      },
      {
        "type": "Secret Keyword",
        "filename": "frontend/public/pdfjs/web/locale/pt-BR/viewer.properties",
        "hashed_secret": "c111e0ab9ddb1dfb79f8a12c741ba6dbdb07992a",
        "is_verified": false,
        "line_number": 237
      }
    ],
    "frontend/public/pdfjs/web/locale/pt-PT/viewer.properties": [
      {
        "type": "Secret Keyword",
        "filename": "frontend/public/pdfjs/web/locale/pt-PT/viewer.properties",
        "hashed_secret": "04d52cb04c48b65b2fdd429da5773c614ecc9e2f",
        "is_verified": false,
        "line_number": 234
      },
      {
        "type": "Secret Keyword",
        "filename": "frontend/public/pdfjs/web/locale/pt-PT/viewer.properties",
        "hashed_secret": "6d7b2274ec106f0797b2cbcb572f83f607b83f35",
        "is_verified": false,
        "line_number": 235
      },
      {
        "type": "Secret Keyword",
        "filename": "frontend/public/pdfjs/web/locale/pt-PT/viewer.properties",
        "hashed_secret": "9ce3bd4224c8c1780db56b4125ecf3f24bf748b7",
        "is_verified": false,
        "line_number": 236
      },
      {
        "type": "Secret Keyword",
        "filename": "frontend/public/pdfjs/web/locale/pt-PT/viewer.properties",
        "hashed_secret": "c111e0ab9ddb1dfb79f8a12c741ba6dbdb07992a",
        "is_verified": false,
        "line_number": 237
      }
    ],
    "frontend/public/pdfjs/web/locale/rm/viewer.properties": [
      {
        "type": "Secret Keyword",
        "filename": "frontend/public/pdfjs/web/locale/rm/viewer.properties",
        "hashed_secret": "83eef50cb7af2616e2720d6371738d4dacbc8878",
        "is_verified": false,
        "line_number": 234
      },
      {
        "type": "Secret Keyword",
        "filename": "frontend/public/pdfjs/web/locale/rm/viewer.properties",
        "hashed_secret": "622fff22f525319fc1060697fc94b4c9215a76fa",
        "is_verified": false,
        "line_number": 235
      },
      {
        "type": "Secret Keyword",
        "filename": "frontend/public/pdfjs/web/locale/rm/viewer.properties",
        "hashed_secret": "9ce3bd4224c8c1780db56b4125ecf3f24bf748b7",
        "is_verified": false,
        "line_number": 236
      },
      {
        "type": "Secret Keyword",
        "filename": "frontend/public/pdfjs/web/locale/rm/viewer.properties",
        "hashed_secret": "f440d9072e0e91d12d3ee9f51bb87aa914b973af",
        "is_verified": false,
        "line_number": 237
      }
    ],
    "frontend/public/pdfjs/web/locale/ro/viewer.properties": [
      {
        "type": "Secret Keyword",
        "filename": "frontend/public/pdfjs/web/locale/ro/viewer.properties",
        "hashed_secret": "4f466ee69e9f9cc379efe8e3201a3168b2494a59",
        "is_verified": false,
        "line_number": 212
      },
      {
        "type": "Secret Keyword",
        "filename": "frontend/public/pdfjs/web/locale/ro/viewer.properties",
        "hashed_secret": "502783aaeb3f339ce278d14d31aadd130c6f40a6",
        "is_verified": false,
        "line_number": 213
      },
      {
        "type": "Secret Keyword",
        "filename": "frontend/public/pdfjs/web/locale/ro/viewer.properties",
        "hashed_secret": "9ce3bd4224c8c1780db56b4125ecf3f24bf748b7",
        "is_verified": false,
        "line_number": 214
      },
      {
        "type": "Secret Keyword",
        "filename": "frontend/public/pdfjs/web/locale/ro/viewer.properties",
        "hashed_secret": "64ceea9fd1b995507ccb6a349adc842c531330a8",
        "is_verified": false,
        "line_number": 215
      }
    ],
    "frontend/public/pdfjs/web/locale/ru/viewer.properties": [
      {
        "type": "Secret Keyword",
        "filename": "frontend/public/pdfjs/web/locale/ru/viewer.properties",
        "hashed_secret": "065632f91028b8ee8f0380a9352d2ebe8332162c",
        "is_verified": false,
        "line_number": 234
      },
      {
        "type": "Secret Keyword",
        "filename": "frontend/public/pdfjs/web/locale/ru/viewer.properties",
        "hashed_secret": "9ce3bd4224c8c1780db56b4125ecf3f24bf748b7",
        "is_verified": false,
        "line_number": 236
      }
    ],
    "frontend/public/pdfjs/web/locale/sat/viewer.properties": [
      {
        "type": "Secret Keyword",
        "filename": "frontend/public/pdfjs/web/locale/sat/viewer.properties",
        "hashed_secret": "daa0766374b9351065189e28e528a75c779ef79a",
        "is_verified": false,
        "line_number": 234
      }
    ],
    "frontend/public/pdfjs/web/locale/sc/viewer.properties": [
      {
        "type": "Secret Keyword",
        "filename": "frontend/public/pdfjs/web/locale/sc/viewer.properties",
        "hashed_secret": "9ae529da8476f7acca9d0fa364bbe4ece5e04d44",
        "is_verified": false,
        "line_number": 224
      },
      {
        "type": "Secret Keyword",
        "filename": "frontend/public/pdfjs/web/locale/sc/viewer.properties",
        "hashed_secret": "a5004376ebfb6aa545af3820e947b2a52931736f",
        "is_verified": false,
        "line_number": 225
      },
      {
        "type": "Secret Keyword",
        "filename": "frontend/public/pdfjs/web/locale/sc/viewer.properties",
        "hashed_secret": "eb5fa515e37ec5fd46efe18332cbaa1976e243f6",
        "is_verified": false,
        "line_number": 226
      },
      {
        "type": "Secret Keyword",
        "filename": "frontend/public/pdfjs/web/locale/sc/viewer.properties",
        "hashed_secret": "246ef7792f5e40a7993536e2608447afb3ff59d1",
        "is_verified": false,
        "line_number": 227
      }
    ],
    "frontend/public/pdfjs/web/locale/scn/viewer.properties": [
      {
        "type": "Secret Keyword",
        "filename": "frontend/public/pdfjs/web/locale/scn/viewer.properties",
        "hashed_secret": "e8bd84911a3491dbbbd18277fb28c1d0b7f4fd2c",
        "is_verified": false,
        "line_number": 100
      }
    ],
    "frontend/public/pdfjs/web/locale/sco/viewer.properties": [
      {
        "type": "Secret Keyword",
        "filename": "frontend/public/pdfjs/web/locale/sco/viewer.properties",
        "hashed_secret": "5c23640f9cec8034474e7e419165e6b5d97621e8",
        "is_verified": false,
        "line_number": 218
      },
      {
        "type": "Secret Keyword",
        "filename": "frontend/public/pdfjs/web/locale/sco/viewer.properties",
        "hashed_secret": "e952988fd2d5a6a6a85291a242b9a132385c3f0d",
        "is_verified": false,
        "line_number": 219
      },
      {
        "type": "Secret Keyword",
        "filename": "frontend/public/pdfjs/web/locale/sco/viewer.properties",
        "hashed_secret": "9ce3bd4224c8c1780db56b4125ecf3f24bf748b7",
        "is_verified": false,
        "line_number": 220
      },
      {
        "type": "Secret Keyword",
        "filename": "frontend/public/pdfjs/web/locale/sco/viewer.properties",
        "hashed_secret": "c7842e16847c6db79743626496d4d991af7e0b77",
        "is_verified": false,
        "line_number": 221
      }
    ],
    "frontend/public/pdfjs/web/locale/sk/viewer.properties": [
      {
        "type": "Secret Keyword",
        "filename": "frontend/public/pdfjs/web/locale/sk/viewer.properties",
        "hashed_secret": "05733d46f29d425f03c6c25148b425b69f3a824b",
        "is_verified": false,
        "line_number": 234
      },
      {
        "type": "Secret Keyword",
        "filename": "frontend/public/pdfjs/web/locale/sk/viewer.properties",
        "hashed_secret": "bfbb08393627fa26349586ac18ac7d5f80ad13be",
        "is_verified": false,
        "line_number": 235
      },
      {
        "type": "Secret Keyword",
        "filename": "frontend/public/pdfjs/web/locale/sk/viewer.properties",
        "hashed_secret": "9ce3bd4224c8c1780db56b4125ecf3f24bf748b7",
        "is_verified": false,
        "line_number": 236
      },
      {
        "type": "Secret Keyword",
        "filename": "frontend/public/pdfjs/web/locale/sk/viewer.properties",
        "hashed_secret": "b0f8390a083ef3b637ee9ad845963f81d4c166d0",
        "is_verified": false,
        "line_number": 237
      }
    ],
    "frontend/public/pdfjs/web/locale/skr/viewer.properties": [
      {
        "type": "Secret Keyword",
        "filename": "frontend/public/pdfjs/web/locale/skr/viewer.properties",
        "hashed_secret": "057a0979a7daaa40afaf573291d9e44d69717bf7",
        "is_verified": false,
        "line_number": 234
      }
    ],
    "frontend/public/pdfjs/web/locale/sl/viewer.properties": [
      {
        "type": "Secret Keyword",
        "filename": "frontend/public/pdfjs/web/locale/sl/viewer.properties",
        "hashed_secret": "10206b5c5b5754882f2921f6470ff3126c0fe727",
        "is_verified": false,
        "line_number": 234
      },
      {
        "type": "Secret Keyword",
        "filename": "frontend/public/pdfjs/web/locale/sl/viewer.properties",
        "hashed_secret": "d85b801552a7d8260d6fb9731aa89404411152bf",
        "is_verified": false,
        "line_number": 235
      },
      {
        "type": "Secret Keyword",
        "filename": "frontend/public/pdfjs/web/locale/sl/viewer.properties",
        "hashed_secret": "ece3e875a3f067243d51b0cc7a5ebb8ada7204d4",
        "is_verified": false,
        "line_number": 236
      },
      {
        "type": "Secret Keyword",
        "filename": "frontend/public/pdfjs/web/locale/sl/viewer.properties",
        "hashed_secret": "1c221cdd8cbc25c7f85b1de9e3f1023e45097add",
        "is_verified": false,
        "line_number": 237
      }
    ],
    "frontend/public/pdfjs/web/locale/son/viewer.properties": [
      {
        "type": "Secret Keyword",
        "filename": "frontend/public/pdfjs/web/locale/son/viewer.properties",
        "hashed_secret": "2d7bf0c5b4ad5939576c9b6dcfdf63ad3137b1eb",
        "is_verified": false,
        "line_number": 144
      },
      {
        "type": "Secret Keyword",
        "filename": "frontend/public/pdfjs/web/locale/son/viewer.properties",
        "hashed_secret": "ad2d4e1747d95315d6d5cfc576abd65f03d89bc5",
        "is_verified": false,
        "line_number": 145
      },
      {
        "type": "Secret Keyword",
        "filename": "frontend/public/pdfjs/web/locale/son/viewer.properties",
        "hashed_secret": "084d36e067b7d042695034efaf5307479c79a77f",
        "is_verified": false,
        "line_number": 146
      },
      {
        "type": "Secret Keyword",
        "filename": "frontend/public/pdfjs/web/locale/son/viewer.properties",
        "hashed_secret": "5b8fcd7099d29fd019f350fe367dfecbf45df35a",
        "is_verified": false,
        "line_number": 147
      }
    ],
    "frontend/public/pdfjs/web/locale/sq/viewer.properties": [
      {
        "type": "Secret Keyword",
        "filename": "frontend/public/pdfjs/web/locale/sq/viewer.properties",
        "hashed_secret": "0089685bdcdb4aff3b6385be63cf1354db7b7406",
        "is_verified": false,
        "line_number": 220
      },
      {
        "type": "Secret Keyword",
        "filename": "frontend/public/pdfjs/web/locale/sq/viewer.properties",
        "hashed_secret": "e207572984afca09542c960ddf75f14ad5c49506",
        "is_verified": false,
        "line_number": 221
      },
      {
        "type": "Secret Keyword",
        "filename": "frontend/public/pdfjs/web/locale/sq/viewer.properties",
        "hashed_secret": "9ce3bd4224c8c1780db56b4125ecf3f24bf748b7",
        "is_verified": false,
        "line_number": 222
      },
      {
        "type": "Secret Keyword",
        "filename": "frontend/public/pdfjs/web/locale/sq/viewer.properties",
        "hashed_secret": "e68b3de4ef6bfdd59080844cd248373c35491847",
        "is_verified": false,
        "line_number": 223
      }
    ],
    "frontend/public/pdfjs/web/locale/sr/viewer.properties": [
      {
        "type": "Secret Keyword",
        "filename": "frontend/public/pdfjs/web/locale/sr/viewer.properties",
        "hashed_secret": "a2eb2afb352f6c96343d6bc7b320b1972509bd79",
        "is_verified": false,
        "line_number": 232
      }
    ],
    "frontend/public/pdfjs/web/locale/sv-SE/viewer.properties": [
      {
        "type": "Secret Keyword",
        "filename": "frontend/public/pdfjs/web/locale/sv-SE/viewer.properties",
        "hashed_secret": "9bf4f83fb827008ca1bcf9d16dd0c6348c089c76",
        "is_verified": false,
        "line_number": 234
      },
      {
        "type": "Secret Keyword",
        "filename": "frontend/public/pdfjs/web/locale/sv-SE/viewer.properties",
        "hashed_secret": "e1b395087d7ceaf33e38f24827e568ce68aebece",
        "is_verified": false,
        "line_number": 235
      },
      {
        "type": "Secret Keyword",
        "filename": "frontend/public/pdfjs/web/locale/sv-SE/viewer.properties",
        "hashed_secret": "9ce3bd4224c8c1780db56b4125ecf3f24bf748b7",
        "is_verified": false,
        "line_number": 236
      },
      {
        "type": "Secret Keyword",
        "filename": "frontend/public/pdfjs/web/locale/sv-SE/viewer.properties",
        "hashed_secret": "d10c9f71e5042b3d704587318d6b5b6524629e21",
        "is_verified": false,
        "line_number": 237
      }
    ],
    "frontend/public/pdfjs/web/locale/szl/viewer.properties": [
      {
        "type": "Secret Keyword",
        "filename": "frontend/public/pdfjs/web/locale/szl/viewer.properties",
        "hashed_secret": "a02a9cd2f697d534412274a411922c1e6a12a9e5",
        "is_verified": false,
        "line_number": 216
      },
      {
        "type": "Secret Keyword",
        "filename": "frontend/public/pdfjs/web/locale/szl/viewer.properties",
        "hashed_secret": "af79a22082786117b1e4765761ab2638ebd84a8f",
        "is_verified": false,
        "line_number": 217
      },
      {
        "type": "Secret Keyword",
        "filename": "frontend/public/pdfjs/web/locale/szl/viewer.properties",
        "hashed_secret": "9ce3bd4224c8c1780db56b4125ecf3f24bf748b7",
        "is_verified": false,
        "line_number": 218
      },
      {
        "type": "Secret Keyword",
        "filename": "frontend/public/pdfjs/web/locale/szl/viewer.properties",
        "hashed_secret": "882ad89363657cd646342d0cd6373cb3e39c1ce5",
        "is_verified": false,
        "line_number": 219
      }
    ],
    "frontend/public/pdfjs/web/locale/ta/viewer.properties": [
      {
        "type": "Secret Keyword",
        "filename": "frontend/public/pdfjs/web/locale/ta/viewer.properties",
        "hashed_secret": "cf589163e1284253f89cdc2b2316e0982317ea7f",
        "is_verified": false,
        "line_number": 165
      }
    ],
    "frontend/public/pdfjs/web/locale/te/viewer.properties": [
      {
        "type": "Secret Keyword",
        "filename": "frontend/public/pdfjs/web/locale/te/viewer.properties",
        "hashed_secret": "a45422076eafa9bb783b8fd9b73f637337677177",
        "is_verified": false,
        "line_number": 191
      }
    ],
    "frontend/public/pdfjs/web/locale/tg/viewer.properties": [
      {
        "type": "Secret Keyword",
        "filename": "frontend/public/pdfjs/web/locale/tg/viewer.properties",
        "hashed_secret": "a8d5f70461ba47244a39afb3e11b270cda521078",
        "is_verified": false,
        "line_number": 234
      }
    ],
    "frontend/public/pdfjs/web/locale/th/viewer.properties": [
      {
        "type": "Secret Keyword",
        "filename": "frontend/public/pdfjs/web/locale/th/viewer.properties",
        "hashed_secret": "3e453a784549e18cb2d104f64afa6eaa8acb4b52",
        "is_verified": false,
        "line_number": 234
      }
    ],
    "frontend/public/pdfjs/web/locale/tl/viewer.properties": [
      {
        "type": "Secret Keyword",
        "filename": "frontend/public/pdfjs/web/locale/tl/viewer.properties",
        "hashed_secret": "7b39861514866930a30e86499a078ff73786160b",
        "is_verified": false,
        "line_number": 214
      },
      {
        "type": "Secret Keyword",
        "filename": "frontend/public/pdfjs/web/locale/tl/viewer.properties",
        "hashed_secret": "dbb228450a48fff04a3f9512d91a71f81d49fe95",
        "is_verified": false,
        "line_number": 215
      },
      {
        "type": "Secret Keyword",
        "filename": "frontend/public/pdfjs/web/locale/tl/viewer.properties",
        "hashed_secret": "9ce3bd4224c8c1780db56b4125ecf3f24bf748b7",
        "is_verified": false,
        "line_number": 216
      },
      {
        "type": "Secret Keyword",
        "filename": "frontend/public/pdfjs/web/locale/tl/viewer.properties",
        "hashed_secret": "4ae963d1fa6e008d7bd32df6b95f26fdf567ab5c",
        "is_verified": false,
        "line_number": 217
      }
    ],
    "frontend/public/pdfjs/web/locale/tr/viewer.properties": [
      {
        "type": "Secret Keyword",
        "filename": "frontend/public/pdfjs/web/locale/tr/viewer.properties",
        "hashed_secret": "94b121cfe681cf792b90e21bc4a7f863d381d45f",
        "is_verified": false,
        "line_number": 234
      },
      {
        "type": "Secret Keyword",
        "filename": "frontend/public/pdfjs/web/locale/tr/viewer.properties",
        "hashed_secret": "cca7b2e9a0f908bf88d855d46c3dd3d4a13aba13",
        "is_verified": false,
        "line_number": 235
      },
      {
        "type": "Secret Keyword",
        "filename": "frontend/public/pdfjs/web/locale/tr/viewer.properties",
        "hashed_secret": "2dfaaf8aeed07aed1bdd622389cf7bad113a6d9f",
        "is_verified": false,
        "line_number": 236
      },
      {
        "type": "Secret Keyword",
        "filename": "frontend/public/pdfjs/web/locale/tr/viewer.properties",
        "hashed_secret": "85e2d0874200cecd86b25759a18b2832b67bcdb0",
        "is_verified": false,
        "line_number": 237
      }
    ],
    "frontend/public/pdfjs/web/locale/trs/viewer.properties": [
      {
        "type": "Secret Keyword",
        "filename": "frontend/public/pdfjs/web/locale/trs/viewer.properties",
        "hashed_secret": "ec67d7c6954f3372c76fa2cbfb73d72f5ddf9827",
        "is_verified": false,
        "line_number": 182
      },
      {
        "type": "Secret Keyword",
        "filename": "frontend/public/pdfjs/web/locale/trs/viewer.properties",
        "hashed_secret": "658718f344346a6b280cfd6c0875497574664064",
        "is_verified": false,
        "line_number": 183
      }
    ],
    "frontend/public/pdfjs/web/locale/uk/viewer.properties": [
      {
        "type": "Secret Keyword",
        "filename": "frontend/public/pdfjs/web/locale/uk/viewer.properties",
        "hashed_secret": "d719f36bfc81b21aaa3136928a850082dd51095f",
        "is_verified": false,
        "line_number": 234
      }
    ],
    "frontend/public/pdfjs/web/locale/ur/viewer.properties": [
      {
        "type": "Secret Keyword",
        "filename": "frontend/public/pdfjs/web/locale/ur/viewer.properties",
        "hashed_secret": "37bfd9d3c3ecdc95975fccbbae8d533bf70c080b",
        "is_verified": false,
        "line_number": 208
      }
    ],
    "frontend/public/pdfjs/web/locale/uz/viewer.properties": [
      {
        "type": "Secret Keyword",
        "filename": "frontend/public/pdfjs/web/locale/uz/viewer.properties",
        "hashed_secret": "48fac59fb503dec67e074b9d11342768e6dfae81",
        "is_verified": false,
        "line_number": 135
      },
      {
        "type": "Secret Keyword",
        "filename": "frontend/public/pdfjs/web/locale/uz/viewer.properties",
        "hashed_secret": "fde5409ad3b09b7d7a7158a07fdbb8c8f9c16f85",
        "is_verified": false,
        "line_number": 136
      },
      {
        "type": "Secret Keyword",
        "filename": "frontend/public/pdfjs/web/locale/uz/viewer.properties",
        "hashed_secret": "9ce3bd4224c8c1780db56b4125ecf3f24bf748b7",
        "is_verified": false,
        "line_number": 137
      }
    ],
    "frontend/public/pdfjs/web/locale/vi/viewer.properties": [
      {
        "type": "Secret Keyword",
        "filename": "frontend/public/pdfjs/web/locale/vi/viewer.properties",
        "hashed_secret": "65903b9343e1108a0386cd47cf9ac83fccd86bab",
        "is_verified": false,
        "line_number": 234
      },
      {
        "type": "Secret Keyword",
        "filename": "frontend/public/pdfjs/web/locale/vi/viewer.properties",
        "hashed_secret": "2c06f694c01b8437d82b2c429072bf950fe0d25e",
        "is_verified": false,
        "line_number": 235
      },
      {
        "type": "Secret Keyword",
        "filename": "frontend/public/pdfjs/web/locale/vi/viewer.properties",
        "hashed_secret": "9ce3bd4224c8c1780db56b4125ecf3f24bf748b7",
        "is_verified": false,
        "line_number": 236
      },
      {
        "type": "Secret Keyword",
        "filename": "frontend/public/pdfjs/web/locale/vi/viewer.properties",
        "hashed_secret": "247d4b1efe9c1a1c55c0a134b57af9f74fc434f1",
        "is_verified": false,
        "line_number": 237
      }
    ],
    "frontend/public/pdfjs/web/locale/wo/viewer.properties": [
      {
        "type": "Secret Keyword",
        "filename": "frontend/public/pdfjs/web/locale/wo/viewer.properties",
        "hashed_secret": "9ce3bd4224c8c1780db56b4125ecf3f24bf748b7",
        "is_verified": false,
        "line_number": 100
      },
      {
        "type": "Secret Keyword",
        "filename": "frontend/public/pdfjs/web/locale/wo/viewer.properties",
        "hashed_secret": "93ef0560750fb3d0383880c665c2ba7fa84c5ba4",
        "is_verified": false,
        "line_number": 101
      }
    ],
    "frontend/public/pdfjs/web/locale/xh/viewer.properties": [
      {
        "type": "Secret Keyword",
        "filename": "frontend/public/pdfjs/web/locale/xh/viewer.properties",
        "hashed_secret": "4942a0db628c7a02124b00879cb74fc6906299ee",
        "is_verified": false,
        "line_number": 148
      },
      {
        "type": "Secret Keyword",
        "filename": "frontend/public/pdfjs/web/locale/xh/viewer.properties",
        "hashed_secret": "f9e07546821c3b354bb3ef96ef50a3582bb381af",
        "is_verified": false,
        "line_number": 149
      },
      {
        "type": "Secret Keyword",
        "filename": "frontend/public/pdfjs/web/locale/xh/viewer.properties",
        "hashed_secret": "c188104fd305d8411271984ea4e9280fba49aa84",
        "is_verified": false,
        "line_number": 150
      },
      {
        "type": "Secret Keyword",
        "filename": "frontend/public/pdfjs/web/locale/xh/viewer.properties",
        "hashed_secret": "464e5a6db07264c5b991b81572887d1746225d8e",
        "is_verified": false,
        "line_number": 151
      }
    ],
    "frontend/public/pdfjs/web/locale/zh-CN/viewer.properties": [
      {
        "type": "Secret Keyword",
        "filename": "frontend/public/pdfjs/web/locale/zh-CN/viewer.properties",
        "hashed_secret": "a55271a78bafd55f0e5ce88e0823d0309fd85e02",
        "is_verified": false,
        "line_number": 234
      }
    ],
    "frontend/public/pdfjs/web/locale/zh-TW/viewer.properties": [
      {
        "type": "Secret Keyword",
        "filename": "frontend/public/pdfjs/web/locale/zh-TW/viewer.properties",
        "hashed_secret": "2b69b253400f08d0f5bdc9d314c2d08d065939f8",
        "is_verified": false,
        "line_number": 234
      }
    ]
  },
  "generated_at": "2025-09-14T23:54:24Z"
}
